---
source: ribbon_parser/src/test.rs
description: "(a: i32, b: i32) -> i32 => a + b;"
---
body:
  - kind:
      FunctionDeclaration:
        parameters:
          - kind:
              BinOp:
                lhs:
                  kind:
                    Ident: a
                  span:
                    low: 1
                    hi: 1
                rhs:
                  kind:
                    Ident: i32
                  span:
                    low: 4
                    hi: 6
                kind: MethodNoParen
                op_span:
                  low: 2
                  hi: 2
            span:
              low: 1
              hi: 6
          - kind:
              BinOp:
                lhs:
                  kind:
                    Ident: b
                  span:
                    low: 9
                    hi: 9
                rhs:
                  kind:
                    Ident: i32
                  span:
                    low: 12
                    hi: 14
                kind: MethodNoParen
                op_span:
                  low: 10
                  hi: 10
            span:
              low: 9
              hi: 14
        generic_parameters: []
        return_type:
          kind:
            Ident: i32
          span:
            low: 20
            hi: 22
        body:
          kind:
            BinOp:
              lhs:
                kind:
                  Ident: a
                span:
                  low: 27
                  hi: 27
              rhs:
                kind:
                  Ident: b
                span:
                  low: 31
                  hi: 31
              kind: Add
              op_span:
                low: 29
                hi: 29
          span:
            low: 27
            hi: 31
    span:
      low: 0
      hi: 31
diagnostics: []
